[ctx] 变体专属嵌入覆盖 105/105 系统
[rows] 1288  [tok] (53, 368)
A:\claudework\evo2\benchmarks\train_dl_v5.py:154: UserWarning: enable_nested_tensor is True, but self.use_nested_tensor is False because encoder_layer.norm_first was True
  self.enc = nn.TransformerEncoder(layer, nl)
[LOO] 1/63 (101s)
A:\claudework\evo2\benchmarks\train_dl_v5.py:154: UserWarning: enable_nested_tensor is True, but self.use_nested_tensor is False because encoder_layer.norm_first was True
  self.enc = nn.TransformerEncoder(layer, nl)
[LOO] 11/63 (976s)
[LOO] 21/63 (1855s)
[LOO] 31/63 (2689s)
[LOO] 41/63 (3509s)
[LOO] 51/63 (4322s)
[LOO] 61/63 (5176s)
[LOO] 63/63 (5353s)
[V1] y_act: +0.576
[V1] y_dual: +0.680
[V1] y_dcat: +0.650
A:\claudework\evo2\benchmarks\train_dl_v5.py:154: UserWarning: enable_nested_tensor is True, but self.use_nested_tensor is False because encoder_layer.norm_first was True
  self.enc = nn.TransformerEncoder(layer, nl)

# DL v6 —— 变体专属 ESM3 表征版结果

ctx 覆盖 105/105; rows=1288; cells=151

## V1 按系统 LOO（v5: +0.552/+0.682/+0.639; v4 GBM: +0.638/+0.718/+0.705）

- y_act: **+0.576**
- y_dual: **+0.680**
- y_dcat: **+0.650**

## V1b sep（v5: −0.232/0.76/−0.151; v4: +0.150/0.83/+0.652）

- 全量 **-0.226**, 符号 **0.76**, top10 **-0.039**

## V3 V2-A 留出（真实 TrackF +0.25 / HQL2 −0.05）

- TrackF_r1_M255I: 预测 sep **+0.953**
- HQL2_M255I: 预测 sep **+1.325**
- 排序判决: ✗
