A:\claudework\evo2\benchmarks\train_dl_v5.py:59: DeprecationWarning: DataFrameGroupBy.apply operated on the grouping columns. This behavior is deprecated, and in a future version of pandas the grouping columns will be excluded from the operation. Either pass `include_groups=False` to exclude the groupings or explicitly select the grouping columns after groupby to silence this warning.
  pm = pm.groupby(["system", "condition"], group_keys=False).apply(
[rows] 1288 行, 63 系统, {'OFF_T_G17': 544, 'S1_G17': 544, 'GCA': 200}
[feat] token (53, 368), global 160 维
[cells] 151
[ckpt] 恢复 63 折
[LOO] 0s
[V1] y_act: DL rho +0.552
[V1] y_dual: DL rho +0.682
[V1] y_dcat: DL rho +0.639
A:\claudework\evo2\benchmarks\train_dl_v5.py:154: UserWarning: enable_nested_tensor is True, but self.use_nested_tensor is False because encoder_layer.norm_first was True
  self.enc = nn.TransformerEncoder(layer, nl)
A:\claudework\evo2\benchmarks\train_dl_v5.py:154: UserWarning: enable_nested_tensor is True, but self.use_nested_tensor is False because encoder_layer.norm_first was True
  self.enc = nn.TransformerEncoder(layer, nl)

## V3 V2-A 留出上位性（8 seeds; 真实 TrackF +0.25 / HQL2 −0.05）

- TrackF_r1_M255I: 预测 sep **+0.958** (σ=0.108)
- HQL2_M255I: 预测 sep **+1.372** (σ=0.145)
- 排序判决 (TrackF+M255I > HQL2+M255I): ✗

# DL v5 条件感知 transformer 代理（三篇配方落地 v2）

rows=1288, cells=151, systems=63, dev=cpu

## V1 按系统 LOO（v4 GBM 基线: act +0.638 / dual +0.718 / dcat +0.705）

- y_act: **+0.552**  (集成 σ=0.000)
- y_dual: **+0.682**  (集成 σ=0.000)
- y_dcat: **+0.639**  (集成 σ=0.000)

## V1b sep（v4 基线: +0.150 / 符号 0.83 / top10 +0.652）

- 全量 **-0.232**, 符号 **0.76**, top10 **-0.151**

## V3 V2-A 留出上位性（8 seeds; 真实 TrackF +0.25 / HQL2 −0.05）

- TrackF_r1_M255I: 预测 sep **+0.958** (σ=0.108)
- HQL2_M255I: 预测 sep **+1.372** (σ=0.145)
- 排序判决 (TrackF+M255I > HQL2+M255I): ✗

[out] A:/claudework/evo2/results\dl_v5/report.md, loo_pred.npz
