oracle: 40833 genotypes (dropped 9907); panel=40833
y: min 1.283 max 4.123 mean 2.643
[v2 B=96 s=11] used=96 best=3.873 top16=2.4691 rho=0.3587 viol=0 (10.9s)
[v2 B=96 s=22] used=96 best=4.027 top16=2.483 rho=0.3704 viol=0 (10.7s)
[v2 B=96 s=33] used=96 best=3.873 top16=2.3766 rho=0.3784 viol=0 (9.8s)
[v2 B=96 s=44] used=96 best=3.850 top16=2.5915 rho=0.4162 viol=0 (9.7s)
[v2 B=96 s=55] used=96 best=3.955 top16=2.1268 rho=0.3244 viol=0 (10.2s)
[v2 B=96 s=66] used=96 best=3.876 top16=2.2599 rho=0.3852 viol=0 (10.2s)
[v2 B=96 s=77] used=96 best=3.858 top16=1.7476 rho=0.3829 viol=0 (9.9s)
[v2 B=96 s=88] used=96 best=3.975 top16=2.6886 rho=0.399 viol=0 (9.9s)
[v2 B=192 s=11] used=192 best=3.873 top16=2.7723 rho=0.401 viol=0 (19.2s)
[v2 B=192 s=22] used=192 best=4.027 top16=2.8993 rho=0.4299 viol=0 (18.7s)
[v2 B=192 s=33] used=192 best=3.873 top16=2.7966 rho=0.4619 viol=0 (19.1s)
[v2 B=192 s=44] used=192 best=4.123 top16=2.5008 rho=0.4115 viol=0 (18.7s)
[v2 B=192 s=55] used=192 best=3.955 top16=2.838 rho=0.4192 viol=0 (18.9s)
[v2 B=192 s=66] used=192 best=3.876 top16=2.4707 rho=0.4561 viol=0 (19.0s)
[v2 B=192 s=77] used=192 best=3.858 top16=2.4103 rho=0.461 viol=0 (18.6s)
[v2 B=192 s=88] used=192 best=3.975 top16=2.49 rho=0.4338 viol=0 (18.8s)
[v2 B=384 s=11] used=384 best=3.873 top16=2.9741 rho=0.4839 viol=0 (38.3s)
[v2 B=384 s=22] used=384 best=4.027 top16=3.1326 rho=0.5085 viol=0 (37.9s)
[v2 B=384 s=33] used=384 best=3.897 top16=3.1929 rho=0.5004 viol=0 (41.0s)
[v2 B=384 s=44] used=384 best=4.123 top16=2.7873 rho=0.5018 viol=0 (41.2s)
[v2 B=384 s=55] used=384 best=3.955 top16=3.1272 rho=0.5168 viol=0 (37.2s)
[v2 B=384 s=66] used=384 best=3.989 top16=3.0377 rho=0.522 viol=0 (38.8s)
[v2 B=384 s=77] used=384 best=3.882 top16=3.0426 rho=0.5339 viol=0 (43.1s)
[v2 B=384 s=88] used=384 best=4.096 top16=3.234 rho=0.5321 viol=0 (39.0s)
[v2-prior B=96 s=11] used=96 best=3.873 top16=2.9869 rho=0.3631 viol=0 (9.5s)
[v2-prior B=96 s=22] used=96 best=4.027 top16=3.3153 rho=0.4133 viol=0 (9.5s)
[v2-prior B=96 s=33] used=96 best=3.873 top16=3.0213 rho=0.3679 viol=0 (9.3s)
[v2-prior B=96 s=44] used=96 best=3.850 top16=2.6838 rho=0.3703 viol=0 (10.1s)
[v2-prior B=96 s=55] used=96 best=3.955 top16=3.526 rho=0.337 viol=0 (9.4s)
[v2-prior B=96 s=66] used=96 best=3.876 top16=2.7503 rho=0.3807 viol=0 (9.2s)
[v2-prior B=96 s=77] used=96 best=3.858 top16=3.348 rho=0.4562 viol=0 (9.4s)
[v2-prior B=96 s=88] used=96 best=3.975 top16=3.0421 rho=0.3644 viol=0 (9.4s)
[v2-prior B=192 s=11] used=192 best=3.873 top16=2.9314 rho=0.4026 viol=0 (22.1s)
[v2-prior B=192 s=22] used=192 best=4.027 top16=3.5784 rho=0.4753 viol=0 (21.2s)
[v2-prior B=192 s=33] used=192 best=3.873 top16=2.7765 rho=0.4339 viol=0 (29.0s)
[v2-prior B=192 s=44] used=192 best=4.123 top16=3.0235 rho=0.4177 viol=0 (30.6s)
[v2-prior B=192 s=55] used=192 best=3.955 top16=3.4899 rho=0.4384 viol=0 (25.5s)
[v2-prior B=192 s=66] used=192 best=3.876 top16=2.9367 rho=0.4588 viol=0 (23.2s)
[v2-prior B=192 s=77] used=192 best=3.858 top16=3.4222 rho=0.4845 viol=0 (28.0s)
[v2-prior B=192 s=88] used=192 best=3.975 top16=3.065 rho=0.4184 viol=0 (22.0s)
[v2-prior B=384 s=11] used=384 best=3.873 top16=3.4516 rho=0.5012 viol=0 (39.8s)
[v2-prior B=384 s=22] used=384 best=4.027 top16=3.2639 rho=0.5309 viol=0 (38.2s)
[v2-prior B=384 s=33] used=384 best=3.897 top16=3.4094 rho=0.4875 viol=0 (42.4s)
[v2-prior B=384 s=44] used=384 best=4.123 top16=3.0732 rho=0.4965 viol=0 (37.1s)
[v2-prior B=384 s=55] used=384 best=3.955 top16=3.361 rho=0.5404 viol=0 (37.0s)
[v2-prior B=384 s=66] used=384 best=3.989 top16=3.4496 rho=0.5213 viol=0 (37.3s)
[v2-prior B=384 s=77] used=384 best=3.882 top16=3.0761 rho=0.536 viol=0 (38.7s)
[v2-prior B=384 s=88] used=384 best=4.096 top16=3.3097 rho=0.514 viol=0 (37.2s)
[v1 B=96 s=11] used=30 best=4.019 top16=1.8006 rho=0.2467 viol=0 (362.7s)
[v1 B=96 s=22] used=30 best=4.019 top16=1.8006 rho=0.2218 viol=0 (453.5s)
[v1 B=96 s=33] used=30 best=4.019 top16=1.8006 rho=0.2384 viol=0 (333.2s)
[v1 B=96 s=44] used=30 best=4.019 top16=1.8006 rho=0.2379 viol=0 (465.4s)
[v1 B=96 s=55] used=30 best=4.019 top16=1.8006 rho=0.2522 viol=0 (231.7s)
[v1 B=96 s=66] used=30 best=4.019 top16=1.8006 rho=0.2533 viol=0 (349.2s)
[v1 B=96 s=77] used=30 best=4.019 top16=1.8006 rho=0.2496 viol=0 (267.3s)
[v1 B=96 s=88] used=30 best=4.019 top16=1.8006 rho=0.2443 viol=0 (247.1s)
[v1 B=192 s=11] used=30 best=4.019 top16=1.8006 rho=0.2467 viol=0 (302.6s)
[v1 B=192 s=22] used=30 best=4.019 top16=1.8006 rho=0.2218 viol=0 (397.6s)
[v1 B=192 s=33] used=30 best=4.019 top16=1.8006 rho=0.2384 viol=0 (240.5s)
[v1 B=192 s=44] used=30 best=4.019 top16=1.8006 rho=0.2379 viol=0 (359.5s)
[v1 B=192 s=55] used=30 best=4.019 top16=1.8006 rho=0.2522 viol=0 (165.3s)
[v1 B=192 s=66] used=30 best=4.019 top16=1.8006 rho=0.2533 viol=0 (260.4s)
[v1 B=192 s=77] used=30 best=4.019 top16=1.8006 rho=0.2496 viol=0 (209.8s)
[v1 B=192 s=88] used=30 best=4.019 top16=1.8006 rho=0.2443 viol=0 (210.3s)
[v1 B=384 s=11] used=30 best=4.019 top16=1.8006 rho=0.2467 viol=0 (271.2s)
[v1 B=384 s=22] used=30 best=4.019 top16=1.8006 rho=0.2218 viol=0 (354.1s)
[v1 B=384 s=33] used=30 best=4.019 top16=1.8006 rho=0.2384 viol=0 (224.1s)
[v1 B=384 s=44] used=30 best=4.019 top16=1.8006 rho=0.2379 viol=0 (309.6s)
[v1 B=384 s=55] used=30 best=4.019 top16=1.8006 rho=0.2522 viol=0 (148.1s)
[v1 B=384 s=66] used=30 best=4.019 top16=1.8006 rho=0.2533 viol=0 (220.7s)
[v1 B=384 s=77] used=30 best=4.019 top16=1.8006 rho=0.2496 viol=0 (180.8s)
[v1 B=384 s=88] used=30 best=4.019 top16=1.8006 rho=0.2443 viol=0 (179.9s)
[random B=96 s=11] used=96 best=3.793 top16=2.6872 rho=nan viol=0 (0.0s)
[random B=96 s=22] used=96 best=4.014 top16=2.5787 rho=nan viol=0 (0.0s)
[random B=96 s=33] used=96 best=3.808 top16=2.4201 rho=nan viol=0 (0.0s)
[random B=96 s=44] used=96 best=3.850 top16=2.3967 rho=nan viol=0 (0.0s)
[random B=96 s=55] used=96 best=3.860 top16=3.0027 rho=nan viol=0 (0.0s)
[random B=96 s=66] used=96 best=3.876 top16=3.0465 rho=nan viol=0 (0.0s)
[random B=96 s=77] used=96 best=3.858 top16=2.6046 rho=nan viol=0 (0.0s)
[random B=96 s=88] used=96 best=3.894 top16=3.0055 rho=nan viol=0 (0.0s)
[random B=192 s=11] used=192 best=3.919 top16=2.7828 rho=nan viol=0 (0.0s)
[random B=192 s=22] used=192 best=4.027 top16=2.6408 rho=nan viol=0 (0.0s)
[random B=192 s=33] used=192 best=3.831 top16=2.6564 rho=nan viol=0 (0.0s)
[random B=192 s=44] used=192 best=3.850 top16=2.6231 rho=nan viol=0 (0.0s)
[random B=192 s=55] used=192 best=3.869 top16=2.4751 rho=nan viol=0 (0.0s)
[random B=192 s=66] used=192 best=3.876 top16=2.4692 rho=nan viol=0 (0.0s)
[random B=192 s=77] used=192 best=3.858 top16=2.9279 rho=nan viol=0 (0.0s)
[random B=192 s=88] used=192 best=3.975 top16=2.8032 rho=nan viol=0 (0.0s)
[random B=384 s=11] used=384 best=3.927 top16=1.955 rho=nan viol=0 (0.0s)
[random B=384 s=22] used=384 best=4.027 top16=2.2119 rho=nan viol=0 (0.0s)
[random B=384 s=33] used=384 best=3.884 top16=3.1037 rho=nan viol=0 (0.0s)
[random B=384 s=44] used=384 best=4.123 top16=2.4198 rho=nan viol=0 (0.0s)
[random B=384 s=55] used=384 best=3.930 top16=2.831 rho=nan viol=0 (0.0s)
[random B=384 s=66] used=384 best=3.876 top16=2.6629 rho=nan viol=0 (0.0s)
[random B=384 s=77] used=384 best=3.882 top16=2.7872 rho=nan viol=0 (0.0s)
[random B=384 s=88] used=384 best=3.975 top16=2.5668 rho=nan viol=0 (0.0s)
[random-prior B=96 s=11] used=96 best=3.797 top16=2.6872 rho=nan viol=0 (0.4s)
[random-prior B=96 s=22] used=96 best=3.850 top16=2.5787 rho=nan viol=0 (0.3s)
[random-prior B=96 s=33] used=96 best=3.890 top16=2.4201 rho=nan viol=0 (0.3s)
[random-prior B=96 s=44] used=96 best=3.812 top16=2.3967 rho=nan viol=0 (0.3s)
[random-prior B=96 s=55] used=96 best=3.897 top16=3.0027 rho=nan viol=0 (0.3s)
[random-prior B=96 s=66] used=96 best=3.912 top16=3.0465 rho=nan viol=0 (0.3s)
[random-prior B=96 s=77] used=96 best=3.910 top16=2.6046 rho=nan viol=0 (0.3s)
[random-prior B=96 s=88] used=96 best=3.827 top16=3.0055 rho=nan viol=0 (0.3s)
[random-prior B=192 s=11] used=192 best=3.992 top16=2.7828 rho=nan viol=0 (0.3s)
[random-prior B=192 s=22] used=192 best=3.946 top16=2.6408 rho=nan viol=0 (0.3s)
[random-prior B=192 s=33] used=192 best=3.929 top16=2.6564 rho=nan viol=0 (0.4s)
[random-prior B=192 s=44] used=192 best=3.923 top16=2.6231 rho=nan viol=0 (0.3s)
[random-prior B=192 s=55] used=192 best=3.897 top16=2.4751 rho=nan viol=0 (0.4s)
[random-prior B=192 s=66] used=192 best=3.922 top16=2.4692 rho=nan viol=0 (0.4s)
[random-prior B=192 s=77] used=192 best=3.912 top16=2.9279 rho=nan viol=0 (0.4s)
[random-prior B=192 s=88] used=192 best=3.992 top16=2.8032 rho=nan viol=0 (0.4s)
[random-prior B=384 s=11] used=384 best=4.008 top16=1.955 rho=nan viol=0 (0.4s)
[random-prior B=384 s=22] used=384 best=4.011 top16=2.2119 rho=nan viol=0 (0.4s)
[random-prior B=384 s=33] used=384 best=4.031 top16=3.1037 rho=nan viol=0 (0.4s)
[random-prior B=384 s=44] used=384 best=4.114 top16=2.4198 rho=nan viol=0 (0.4s)
[random-prior B=384 s=55] used=384 best=3.946 top16=2.831 rho=nan viol=0 (0.4s)
[random-prior B=384 s=66] used=384 best=4.008 top16=2.6629 rho=nan viol=0 (0.4s)
[random-prior B=384 s=77] used=384 best=3.956 top16=2.7872 rho=nan viol=0 (0.4s)
[random-prior B=384 s=88] used=384 best=3.992 top16=2.5668 rho=nan viol=0 (0.3s)
[ridge-AL B=96 s=11] used=96 best=3.824 top16=3.141 rho=0.2584 viol=0 (0.6s)
[ridge-AL B=96 s=22] used=96 best=3.766 top16=3.0768 rho=0.3195 viol=0 (0.5s)
[ridge-AL B=96 s=33] used=96 best=3.842 top16=2.8525 rho=0.3019 viol=0 (0.5s)
[ridge-AL B=96 s=44] used=96 best=3.696 top16=2.4559 rho=0.2158 viol=0 (0.5s)
[ridge-AL B=96 s=55] used=96 best=3.867 top16=3.4431 rho=0.3239 viol=0 (0.5s)
[ridge-AL B=96 s=66] used=96 best=3.953 top16=2.9845 rho=0.3174 viol=0 (0.5s)
[ridge-AL B=96 s=77] used=96 best=3.873 top16=3.4554 rho=0.2476 viol=0 (0.5s)
[ridge-AL B=96 s=88] used=96 best=3.791 top16=3.2942 rho=0.3522 viol=0 (0.5s)
[ridge-AL B=192 s=11] used=192 best=3.824 top16=3.0787 rho=0.2538 viol=0 (1.3s)
[ridge-AL B=192 s=22] used=192 best=3.766 top16=3.4101 rho=0.2848 viol=0 (1.2s)
[ridge-AL B=192 s=33] used=192 best=3.842 top16=2.7491 rho=0.2998 viol=0 (1.1s)
[ridge-AL B=192 s=44] used=192 best=3.875 top16=3.16 rho=0.2346 viol=0 (1.1s)
[ridge-AL B=192 s=55] used=192 best=3.867 top16=3.2883 rho=0.3141 viol=0 (1.1s)
[ridge-AL B=192 s=66] used=192 best=3.953 top16=3.1254 rho=0.2948 viol=0 (1.1s)
[ridge-AL B=192 s=77] used=192 best=3.873 top16=3.2983 rho=0.2339 viol=0 (1.1s)
[ridge-AL B=192 s=88] used=192 best=3.791 top16=3.2918 rho=0.298 viol=0 (1.3s)
[ridge-AL B=384 s=11] used=384 best=3.824 top16=3.268 rho=0.2777 viol=0 (3.0s)
[ridge-AL B=384 s=22] used=384 best=3.766 top16=3.4294 rho=0.3092 viol=0 (2.8s)
[ridge-AL B=384 s=33] used=384 best=3.842 top16=3.2616 rho=0.3107 viol=0 (2.9s)
[ridge-AL B=384 s=44] used=384 best=3.875 top16=3.4456 rho=0.258 viol=0 (2.8s)
[ridge-AL B=384 s=55] used=384 best=3.867 top16=3.1312 rho=0.3391 viol=0 (2.8s)
[ridge-AL B=384 s=66] used=384 best=3.953 top16=3.5647 rho=0.3018 viol=0 (2.8s)
[ridge-AL B=384 s=77] used=384 best=3.873 top16=3.1479 rho=0.2382 viol=0 (2.8s)
[ridge-AL B=384 s=88] used=384 best=3.791 top16=3.3656 rho=0.281 viol=0 (2.9s)
B1a done: 144 runs -> A:\claudework\evo2\results\b1a_results.csv

