oracle: 40833 genotypes (dropped 9907); panel=40833
y: min 1.283 max 4.123 mean 2.643
[v2 B=96 s=11] used=96 best=4.019 top16=2.5472 rho=0.2201 viol=0 (15.7s)
[v2 B=96 s=22] used=96 best=4.019 top16=2.4511 rho=0.1855 viol=0 (25.6s)
[v2 B=192 s=11] used=185 best=4.019 top16=3.0094 rho=0.1977 viol=0 (46.4s)
[v2 B=192 s=22] used=144 best=4.019 top16=2.4925 rho=0.1736 viol=0 (49.1s)
[v2-prior B=96 s=11] used=96 best=4.019 top16=2.6399 rho=0.2194 viol=0 (15.2s)
[v2-prior B=96 s=22] used=96 best=4.019 top16=2.3035 rho=0.1822 viol=0 (27.6s)
[v2-prior B=192 s=11] used=185 best=4.019 top16=3.0094 rho=0.194 viol=0 (52.5s)
[v2-prior B=192 s=22] used=144 best=4.019 top16=2.2511 rho=0.1699 viol=0 (60.1s)
[v1 B=96 s=11] used=96 best=4.019 top16=1.8006 rho=0.2467 viol=0 (24.3s)
[v1 B=96 s=22] used=96 best=4.019 top16=1.8006 rho=0.2218 viol=0 (35.3s)
[v1 B=192 s=11] used=192 best=4.019 top16=1.8006 rho=0.2467 viol=0 (53.7s)
[v1 B=192 s=22] used=192 best=4.019 top16=1.8006 rho=0.2218 viol=0 (48.6s)
[random B=96 s=11] used=96 best=3.793 top16=2.6872 rho=nan viol=0 (0.0s)
[random B=96 s=22] used=96 best=4.014 top16=2.5787 rho=nan viol=0 (0.0s)
[random B=192 s=11] used=192 best=3.919 top16=2.7828 rho=nan viol=0 (0.0s)
[random B=192 s=22] used=192 best=4.027 top16=2.6408 rho=nan viol=0 (0.0s)
[random-prior B=96 s=11] used=96 best=3.797 top16=2.6872 rho=nan viol=0 (0.4s)
[random-prior B=96 s=22] used=96 best=3.850 top16=2.5787 rho=nan viol=0 (0.3s)
[random-prior B=192 s=11] used=192 best=3.992 top16=2.7828 rho=nan viol=0 (0.3s)
[random-prior B=192 s=22] used=192 best=3.946 top16=2.6408 rho=nan viol=0 (0.3s)
[ridge-AL B=96 s=11] used=96 best=3.824 top16=3.141 rho=0.2584 viol=0 (0.5s)
[ridge-AL B=96 s=22] used=96 best=3.766 top16=3.1008 rho=0.3245 viol=0 (0.5s)
[ridge-AL B=192 s=11] used=192 best=3.824 top16=3.0787 rho=0.2538 viol=0 (1.3s)
[ridge-AL B=192 s=22] used=192 best=3.766 top16=3.3157 rho=0.2825 viol=0 (1.1s)
B1a done: 24 runs -> A:\claudework\evo2\results\b1a_results.csv
