oracle 149361; train 424; test 8309
site classes: {38: 'buried', 39: 'buried', 40: 'surface', 53: 'surface'}
[v2 B=192 s=11] used=192 rho_test=0.561 rho_train=0.4615 top16=4.037 (1.3s)
[v1 B=192 s=11] used=191 rho_test=0.140 rho_train=0.2611 top16=0.003 (37.9s)
[random B=192 s=11] used=192 rho_test=nan rho_train=nan top16=1.214 (0.0s)
[ridge-AL B=192 s=11] used=192 rho_test=0.689 rho_train=0.3041 top16=4.485 (0.2s)
[v2 B=192 s=22] used=192 rho_test=0.455 rho_train=0.1686 top16=3.473 (1.0s)
[v1 B=192 s=22] used=189 rho_test=0.140 rho_train=0.2611 top16=0.003 (33.0s)
[random B=192 s=22] used=192 rho_test=nan rho_train=nan top16=1.214 (0.0s)
[ridge-AL B=192 s=22] used=192 rho_test=0.559 rho_train=0.062 top16=4.313 (0.2s)
[v2 B=192 s=33] used=192 rho_test=0.457 rho_train=0.189 top16=1.784 (1.0s)
[v1 B=192 s=33] used=189 rho_test=0.140 rho_train=0.2611 top16=0.003 (35.3s)
[random B=192 s=33] used=192 rho_test=nan rho_train=nan top16=1.214 (0.0s)
[ridge-AL B=192 s=33] used=192 rho_test=0.657 rho_train=0.2386 top16=4.6 (0.2s)
[v2 B=192 s=44] used=192 rho_test=0.475 rho_train=0.325 top16=1.325 (1.1s)
[v1 B=192 s=44] used=190 rho_test=0.140 rho_train=0.2611 top16=0.003 (32.1s)
[random B=192 s=44] used=192 rho_test=nan rho_train=nan top16=1.214 (0.0s)
[ridge-AL B=192 s=44] used=192 rho_test=0.514 rho_train=0.1283 top16=2.931 (0.2s)
[v2 B=192 s=55] used=192 rho_test=0.459 rho_train=0.2093 top16=2.065 (1.0s)
[v1 B=192 s=55] used=189 rho_test=0.140 rho_train=0.2611 top16=0.003 (31.7s)
[random B=192 s=55] used=192 rho_test=nan rho_train=nan top16=1.214 (0.0s)
[ridge-AL B=192 s=55] used=192 rho_test=0.589 rho_train=0.1472 top16=2.859 (0.2s)
[v2 B=192 s=66] used=192 rho_test=0.380 rho_train=0.342 top16=1.961 (1.3s)
[v1 B=192 s=66] used=190 rho_test=0.140 rho_train=0.2611 top16=0.003 (35.1s)
[random B=192 s=66] used=192 rho_test=nan rho_train=nan top16=1.214 (0.0s)
[ridge-AL B=192 s=66] used=192 rho_test=0.603 rho_train=0.2889 top16=4.254 (0.2s)
[v2 B=192 s=77] used=192 rho_test=0.568 rho_train=0.2157 top16=5.019 (1.1s)
[v1 B=192 s=77] used=189 rho_test=0.140 rho_train=0.2611 top16=0.003 (32.6s)
[random B=192 s=77] used=192 rho_test=nan rho_train=nan top16=1.214 (0.0s)
[ridge-AL B=192 s=77] used=192 rho_test=0.619 rho_train=0.2432 top16=2.766 (0.2s)
[v2 B=192 s=88] used=192 rho_test=0.434 rho_train=0.1132 top16=2.843 (1.2s)
[v1 B=192 s=88] used=190 rho_test=0.140 rho_train=0.2611 top16=0.003 (35.9s)
[random B=192 s=88] used=192 rho_test=nan rho_train=nan top16=1.214 (0.0s)
[ridge-AL B=192 s=88] used=192 rho_test=0.551 rho_train=0.1882 top16=2.782 (0.2s)
[v2 B=424 s=11] used=424 rho_test=0.612 rho_train=0.4449 top16=4.019 (2.6s)
[v1 B=424 s=11] used=418 rho_test=0.140 rho_train=0.2611 top16=0.003 (36.8s)
[random B=424 s=11] used=432 rho_test=nan rho_train=nan top16=1.214 (0.0s)
[ridge-AL B=424 s=11] used=432 rho_test=0.722 rho_train=0.2811 top16=5.176 (1.0s)
[v2 B=424 s=22] used=424 rho_test=0.489 rho_train=0.2999 top16=3.13 (2.4s)
[v1 B=424 s=22] used=418 rho_test=0.140 rho_train=0.2611 top16=0.003 (37.0s)
[random B=424 s=22] used=432 rho_test=nan rho_train=nan top16=1.214 (0.0s)
[ridge-AL B=424 s=22] used=432 rho_test=0.643 rho_train=0.1757 top16=4.295 (1.2s)
[v2 B=424 s=33] used=424 rho_test=0.534 rho_train=0.238 top16=3.267 (3.3s)
[v1 B=424 s=33] used=419 rho_test=0.140 rho_train=0.2611 top16=0.003 (35.7s)
[random B=424 s=33] used=432 rho_test=nan rho_train=nan top16=1.214 (0.0s)
[ridge-AL B=424 s=33] used=432 rho_test=0.694 rho_train=0.2298 top16=5.352 (1.0s)
[v2 B=424 s=44] used=424 rho_test=0.590 rho_train=0.2802 top16=3.225 (2.7s)
[v1 B=424 s=44] used=419 rho_test=0.140 rho_train=0.2611 top16=0.003 (32.5s)
[random B=424 s=44] used=432 rho_test=nan rho_train=nan top16=1.214 (0.0s)
[ridge-AL B=424 s=44] used=432 rho_test=0.688 rho_train=0.231 top16=4.068 (0.9s)
[v2 B=424 s=55] used=424 rho_test=0.585 rho_train=0.3382 top16=2.504 (2.2s)
[v1 B=424 s=55] used=418 rho_test=0.140 rho_train=0.2611 top16=0.003 (31.7s)
[random B=424 s=55] used=432 rho_test=nan rho_train=nan top16=1.214 (0.0s)
[ridge-AL B=424 s=55] used=432 rho_test=0.691 rho_train=0.2304 top16=4.786 (0.9s)
[v2 B=424 s=66] used=424 rho_test=0.533 rho_train=0.1943 top16=3.371 (2.2s)
[v1 B=424 s=66] used=419 rho_test=0.140 rho_train=0.2611 top16=0.003 (31.5s)
[random B=424 s=66] used=432 rho_test=nan rho_train=nan top16=1.214 (0.0s)
[ridge-AL B=424 s=66] used=432 rho_test=0.700 rho_train=0.3395 top16=3.854 (0.8s)
[v2 B=424 s=77] used=424 rho_test=0.657 rho_train=0.3676 top16=4.448 (2.2s)
[v1 B=424 s=77] used=419 rho_test=0.140 rho_train=0.2611 top16=0.003 (31.3s)
[random B=424 s=77] used=432 rho_test=nan rho_train=nan top16=1.214 (0.0s)
[ridge-AL B=424 s=77] used=432 rho_test=0.692 rho_train=0.2826 top16=4.597 (0.9s)
[v2 B=424 s=88] used=424 rho_test=0.600 rho_train=0.2532 top16=4.698 (2.2s)
[v1 B=424 s=88] used=418 rho_test=0.140 rho_train=0.2611 top16=0.003 (31.5s)
[random B=424 s=88] used=432 rho_test=nan rho_train=nan top16=1.214 (0.0s)
[ridge-AL B=424 s=88] used=432 rho_test=0.654 rho_train=0.145 top16=4.39 (0.9s)
[v2 B=1536 s=11] used=1536 rho_test=0.766 rho_train=0.4934 top16=4.317 (8.4s)
[v1 B=1536 s=11] used=1526 rho_test=0.140 rho_train=0.2611 top16=0.003 (31.7s)
[random B=1536 s=11] used=1536 rho_test=nan rho_train=nan top16=1.214 (0.0s)
[ridge-AL B=1536 s=11] used=1536 rho_test=0.740 rho_train=0.3059 top16=5.198 (35.5s)
[v2 B=1536 s=22] used=1536 rho_test=0.687 rho_train=0.2759 top16=4.042 (8.0s)
[v1 B=1536 s=22] used=1526 rho_test=0.140 rho_train=0.2611 top16=0.003 (32.0s)
[random B=1536 s=22] used=1536 rho_test=nan rho_train=nan top16=1.214 (0.0s)
[ridge-AL B=1536 s=22] used=1536 rho_test=0.726 rho_train=0.2558 top16=4.828 (32.7s)
[v2 B=1536 s=33] used=1536 rho_test=0.693 rho_train=0.2808 top16=4.5 (8.1s)
[v1 B=1536 s=33] used=1527 rho_test=0.140 rho_train=0.2611 top16=0.003 (31.7s)
[random B=1536 s=33] used=1536 rho_test=nan rho_train=nan top16=1.214 (0.0s)
[ridge-AL B=1536 s=33] used=1536 rho_test=0.726 rho_train=0.3115 top16=5.034 (34.5s)
[v2 B=1536 s=44] used=1536 rho_test=0.708 rho_train=0.3728 top16=4.471 (8.1s)
[v1 B=1536 s=44] used=1526 rho_test=0.140 rho_train=0.2611 top16=0.003 (31.3s)
[random B=1536 s=44] used=1536 rho_test=nan rho_train=nan top16=1.214 (0.0s)
[ridge-AL B=1536 s=44] used=1536 rho_test=0.739 rho_train=0.2997 top16=4.319 (31.5s)
[v2 B=1536 s=55] used=1536 rho_test=0.685 rho_train=0.2539 top16=3.729 (7.2s)
[v1 B=1536 s=55] used=1526 rho_test=0.140 rho_train=0.2611 top16=0.003 (28.0s)
[random B=1536 s=55] used=1536 rho_test=nan rho_train=nan top16=1.214 (0.0s)
[ridge-AL B=1536 s=55] used=1536 rho_test=0.738 rho_train=0.2867 top16=4.373 (35.5s)
[v2 B=1536 s=66] used=1536 rho_test=0.684 rho_train=0.4499 top16=4.638 (8.9s)
[v1 B=1536 s=66] used=1529 rho_test=0.140 rho_train=0.2611 top16=0.003 (34.1s)
[random B=1536 s=66] used=1536 rho_test=nan rho_train=nan top16=1.214 (0.0s)
[ridge-AL B=1536 s=66] used=1536 rho_test=0.747 rho_train=0.3417 top16=4.528 (34.8s)
[v2 B=1536 s=77] used=1536 rho_test=0.741 rho_train=0.4499 top16=4.916 (10.0s)
[v1 B=1536 s=77] used=1526 rho_test=0.140 rho_train=0.2611 top16=0.003 (40.5s)
[random B=1536 s=77] used=1536 rho_test=nan rho_train=nan top16=1.214 (0.0s)
[ridge-AL B=1536 s=77] used=1536 rho_test=0.743 rho_train=0.2949 top16=4.127 (35.6s)
[v2 B=1536 s=88] used=1536 rho_test=0.689 rho_train=0.2833 top16=4.557 (7.6s)
[v1 B=1536 s=88] used=1527 rho_test=0.140 rho_train=0.2611 top16=0.003 (29.7s)
[random B=1536 s=88] used=1536 rho_test=nan rho_train=nan top16=1.214 (0.0s)
[ridge-AL B=1536 s=88] used=1536 rho_test=0.709 rho_train=0.1964 top16=3.736 (31.3s)
B1b done
